// Jest Snapshot v1, https://goo.gl/fbAQLP

exports[`Header renders with provided title (snapshot) 1`] = `[Function]`;
