// Jest Snapshot v1, https://goo.gl/fbAQLP

exports[`OptionStyle renders with minimal props 1`] = `[Function]`;
